   1               		.file	"duration.cpp"
   2               	__SP_H__ = 0x3e
   3               	__SP_L__ = 0x3d
   4               	__SREG__ = 0x3f
   5               	__tmp_reg__ = 0
   6               	__zero_reg__ = 1
   7               		.text
   8               	.Ltext0:
   9               	.global	_ZN3ros22normalizeSecNSecSignedERlS0_
  11               	_ZN3ros22normalizeSecNSecSignedERlS0_:
  12               	.LFB8:
  13               		.file 1 "ros_lib/duration.cpp"
   1:ros_lib/duration.cpp **** /* 
   2:ros_lib/duration.cpp ****  * Software License Agreement (BSD License)
   3:ros_lib/duration.cpp ****  *
   4:ros_lib/duration.cpp ****  * Copyright (c) 2011, Willow Garage, Inc.
   5:ros_lib/duration.cpp ****  * All rights reserved.
   6:ros_lib/duration.cpp ****  *
   7:ros_lib/duration.cpp ****  * Redistribution and use in source and binary forms, with or without
   8:ros_lib/duration.cpp ****  * modification, are permitted provided that the following conditions
   9:ros_lib/duration.cpp ****  * are met:
  10:ros_lib/duration.cpp ****  *
  11:ros_lib/duration.cpp ****  *  * Redistributions of source code must retain the above copyright
  12:ros_lib/duration.cpp ****  *    notice, this list of conditions and the following disclaimer.
  13:ros_lib/duration.cpp ****  *  * Redistributions in binary form must reproduce the above
  14:ros_lib/duration.cpp ****  *    copyright notice, this list of conditions and the following
  15:ros_lib/duration.cpp ****  *    disclaimer in the documentation and/or other materials provided
  16:ros_lib/duration.cpp ****  *    with the distribution.
  17:ros_lib/duration.cpp ****  *  * Neither the name of Willow Garage, Inc. nor the names of its
  18:ros_lib/duration.cpp ****  *    contributors may be used to endorse or promote prducts derived
  19:ros_lib/duration.cpp ****  *    from this software without specific prior written permission.
  20:ros_lib/duration.cpp ****  *
  21:ros_lib/duration.cpp ****  * THIS SOFTWARE IS PROVIDED BY THE COPYRIGHT HOLDERS AND CONTRIBUTORS
  22:ros_lib/duration.cpp ****  * "AS IS" AND ANY EXPRESS OR IMPLIED WARRANTIES, INCLUDING, BUT NOT
  23:ros_lib/duration.cpp ****  * LIMITED TO, THE IMPLIED WARRANTIES OF MERCHANTABILITY AND FITNESS
  24:ros_lib/duration.cpp ****  * FOR A PARTICULAR PURPOSE ARE DISCLAIMED. IN NO EVENT SHALL THE
  25:ros_lib/duration.cpp ****  * COPYRIGHT OWNER OR CONTRIBUTORS BE LIABLE FOR ANY DIRECT, INDIRECT,
  26:ros_lib/duration.cpp ****  * INCIDENTAL, SPECIAL, EXEMPLARY, OR CONSEQUENTIAL DAMAGES (INCLUDING,
  27:ros_lib/duration.cpp ****  * BUT NOT LIMITED TO, PROCUREMENT OF SUBSTITUTE GOODS OR SERVICES;
  28:ros_lib/duration.cpp ****  * LOSS OF USE, DATA, OR PROFITS; OR BUSINESS INTERRUPTION) HOWEVER
  29:ros_lib/duration.cpp ****  * CAUSED AND ON ANY THEORY OF LIABILITY, WHETHER IN CONTRACT, STRICT
  30:ros_lib/duration.cpp ****  * LIABILITY, OR TORT (INCLUDING NEGLIGENCE OR OTHERWISE) ARISING IN
  31:ros_lib/duration.cpp ****  * ANY WAY OUT OF THE USE OF THIS SOFTWARE, EVEN IF ADVISED OF THE
  32:ros_lib/duration.cpp ****  * POSSIBILITY OF SUCH DAMAGE.
  33:ros_lib/duration.cpp ****  */
  34:ros_lib/duration.cpp **** 
  35:ros_lib/duration.cpp **** #include <math.h>
  36:ros_lib/duration.cpp **** #include "ros/duration.h"
  37:ros_lib/duration.cpp **** 
  38:ros_lib/duration.cpp **** namespace ros
  39:ros_lib/duration.cpp **** {
  40:ros_lib/duration.cpp ****   void normalizeSecNSecSigned(long &sec, long &nsec)
  41:ros_lib/duration.cpp ****   {
  14               		.loc 1 41 0
  15               	.LVL0:
  16 0000 0F93      		push r16
  17               	.LCFI0:
  18 0002 1F93      		push r17
  19               	.LCFI1:
  20               	/* prologue: function */
  21               	/* frame size = 0 */
  22               	/* stack size = 2 */
  23               	.L__stack_usage = 2
  24 0004 FB01      		movw r30,r22
  25               	.LBB2:
  42:ros_lib/duration.cpp ****     long nsec_part = nsec;
  26               		.loc 1 42 0
  27 0006 4081      		ld r20,Z
  28 0008 5181      		ldd r21,Z+1
  29 000a 6281      		ldd r22,Z+2
  30 000c 7381      		ldd r23,Z+3
  31               	.LVL1:
  43:ros_lib/duration.cpp ****     long sec_part = sec;
  32               		.loc 1 43 0
  33 000e DC01      		movw r26,r24
  34 0010 0D91      		ld r16,X+
  35 0012 1D91      		ld r17,X+
  36 0014 2D91      		ld r18,X+
  37 0016 3C91      		ld r19,X
  38               	.LVL2:
  44:ros_lib/duration.cpp ****      
  45:ros_lib/duration.cpp ****     while (nsec_part > 1000000000L)
  39               		.loc 1 45 0
  40 0018 00C0      		rjmp .L2
  41               	.L3:
  46:ros_lib/duration.cpp ****     {
  47:ros_lib/duration.cpp ****       nsec_part -= 1000000000L;
  42               		.loc 1 47 0
  43 001a 5A5C      		subi r21,-54
  44 001c 6A49      		sbci r22,-102
  45 001e 7B43      		sbci r23,59
  46               	.LVL3:
  48:ros_lib/duration.cpp ****       ++sec_part;
  47               		.loc 1 48 0
  48 0020 0F5F      		subi r16,-1
  49 0022 1F4F      		sbci r17,-1
  50 0024 2F4F      		sbci r18,-1
  51 0026 3F4F      		sbci r19,-1
  52               	.LVL4:
  53               	.L2:
  45:ros_lib/duration.cpp ****     while (nsec_part > 1000000000L)
  54               		.loc 1 45 0 discriminator 1
  55 0028 4130      		cpi r20,1
  56 002a BAEC      		ldi r27,-54
  57 002c 5B07      		cpc r21,r27
  58 002e BAE9      		ldi r27,-102
  59 0030 6B07      		cpc r22,r27
  60 0032 BBE3      		ldi r27,59
  61 0034 7B07      		cpc r23,r27
  62 0036 04F4      		brge .L3
  63 0038 00C0      		rjmp .L6
  64               	.L5:
  49:ros_lib/duration.cpp ****     }
  50:ros_lib/duration.cpp ****     while (nsec_part < 0)
  51:ros_lib/duration.cpp ****     {
  52:ros_lib/duration.cpp ****       nsec_part += 1000000000L;
  65               		.loc 1 52 0
  66 003a 5653      		subi r21,54
  67 003c 6546      		sbci r22,101
  68 003e 744C      		sbci r23,-60
  69               	.LVL5:
  53:ros_lib/duration.cpp ****       --sec_part;
  70               		.loc 1 53 0
  71 0040 0150      		subi r16,1
  72 0042 1109      		sbc r17,__zero_reg__
  73 0044 2109      		sbc r18,__zero_reg__
  74 0046 3109      		sbc r19,__zero_reg__
  75               	.LVL6:
  76               	.L6:
  50:ros_lib/duration.cpp ****     while (nsec_part < 0)
  77               		.loc 1 50 0 discriminator 1
  78 0048 77FD      		sbrc r23,7
  79 004a 00C0      		rjmp .L5
  54:ros_lib/duration.cpp ****     }
  55:ros_lib/duration.cpp ****     sec = sec_part;
  80               		.loc 1 55 0
  81 004c DC01      		movw r26,r24
  82 004e 0D93      		st X+,r16
  83 0050 1D93      		st X+,r17
  84 0052 2D93      		st X+,r18
  85 0054 3C93      		st X,r19
  86 0056 1397      		sbiw r26,3
  56:ros_lib/duration.cpp ****     nsec = nsec_part;
  87               		.loc 1 56 0
  88 0058 4083      		st Z,r20
  89 005a 5183      		std Z+1,r21
  90 005c 6283      		std Z+2,r22
  91 005e 7383      		std Z+3,r23
  92               	/* epilogue start */
  93               	.LBE2:
  57:ros_lib/duration.cpp ****   }
  94               		.loc 1 57 0
  95 0060 1F91      		pop r17
  96 0062 0F91      		pop r16
  97               	.LVL7:
  98 0064 0895      		ret
  99               	.LFE8:
 101               	.global	_ZN3ros8DurationpLERKS0_
 103               	_ZN3ros8DurationpLERKS0_:
 104               	.LFB9:
  58:ros_lib/duration.cpp **** 
  59:ros_lib/duration.cpp ****   Duration& Duration::operator+=(const Duration &rhs)
  60:ros_lib/duration.cpp ****   {
 105               		.loc 1 60 0
 106               	.LVL8:
 107 0066 0F93      		push r16
 108               	.LCFI2:
 109 0068 1F93      		push r17
 110               	.LCFI3:
 111 006a CF93      		push r28
 112               	.LCFI4:
 113 006c DF93      		push r29
 114               	.LCFI5:
 115               	/* prologue: function */
 116               	/* frame size = 0 */
 117               	/* stack size = 4 */
 118               	.L__stack_usage = 4
 119 006e EC01      		movw r28,r24
 120 0070 FB01      		movw r30,r22
  61:ros_lib/duration.cpp ****     sec += rhs.sec;
 121               		.loc 1 61 0
 122 0072 4881      		ld r20,Y
 123 0074 5981      		ldd r21,Y+1
 124 0076 6A81      		ldd r22,Y+2
 125 0078 7B81      		ldd r23,Y+3
 126 007a 0081      		ld r16,Z
 127 007c 1181      		ldd r17,Z+1
 128 007e 2281      		ldd r18,Z+2
 129 0080 3381      		ldd r19,Z+3
 130 0082 400F      		add r20,r16
 131 0084 511F      		adc r21,r17
 132 0086 621F      		adc r22,r18
 133 0088 731F      		adc r23,r19
 134 008a 4883      		st Y,r20
 135 008c 5983      		std Y+1,r21
 136 008e 6A83      		std Y+2,r22
 137 0090 7B83      		std Y+3,r23
  62:ros_lib/duration.cpp ****     nsec += rhs.nsec;
 138               		.loc 1 62 0
 139 0092 4C81      		ldd r20,Y+4
 140 0094 5D81      		ldd r21,Y+5
 141 0096 6E81      		ldd r22,Y+6
 142 0098 7F81      		ldd r23,Y+7
 143 009a 0481      		ldd r16,Z+4
 144 009c 1581      		ldd r17,Z+5
 145 009e 2681      		ldd r18,Z+6
 146 00a0 3781      		ldd r19,Z+7
 147 00a2 400F      		add r20,r16
 148 00a4 511F      		adc r21,r17
 149 00a6 621F      		adc r22,r18
 150 00a8 731F      		adc r23,r19
 151 00aa 4C83      		std Y+4,r20
 152 00ac 5D83      		std Y+5,r21
 153 00ae 6E83      		std Y+6,r22
 154 00b0 7F83      		std Y+7,r23
  63:ros_lib/duration.cpp ****     normalizeSecNSecSigned(sec, nsec);
 155               		.loc 1 63 0
 156 00b2 BC01      		movw r22,r24
 157               	.LVL9:
 158 00b4 6C5F      		subi r22,-4
 159 00b6 7F4F      		sbci r23,-1
 160 00b8 0E94 0000 		call _ZN3ros22normalizeSecNSecSignedERlS0_
 161               	.LVL10:
  64:ros_lib/duration.cpp ****     return *this;
  65:ros_lib/duration.cpp ****   }
 162               		.loc 1 65 0
 163 00bc CE01      		movw r24,r28
 164               	/* epilogue start */
 165 00be DF91      		pop r29
 166 00c0 CF91      		pop r28
 167               	.LVL11:
 168 00c2 1F91      		pop r17
 169 00c4 0F91      		pop r16
 170 00c6 0895      		ret
 171               	.LFE9:
 173               	.global	_ZN3ros8DurationmIERKS0_
 175               	_ZN3ros8DurationmIERKS0_:
 176               	.LFB10:
  66:ros_lib/duration.cpp **** 
  67:ros_lib/duration.cpp ****   Duration& Duration::operator-=(const Duration &rhs){
 177               		.loc 1 67 0
 178               	.LVL12:
 179 00c8 0F93      		push r16
 180               	.LCFI6:
 181 00ca 1F93      		push r17
 182               	.LCFI7:
 183 00cc CF93      		push r28
 184               	.LCFI8:
 185 00ce DF93      		push r29
 186               	.LCFI9:
 187               	/* prologue: function */
 188               	/* frame size = 0 */
 189               	/* stack size = 4 */
 190               	.L__stack_usage = 4
 191 00d0 EC01      		movw r28,r24
 192 00d2 FB01      		movw r30,r22
  68:ros_lib/duration.cpp ****     sec += -rhs.sec;
 193               		.loc 1 68 0
 194 00d4 4881      		ld r20,Y
 195 00d6 5981      		ldd r21,Y+1
 196 00d8 6A81      		ldd r22,Y+2
 197 00da 7B81      		ldd r23,Y+3
 198 00dc 0081      		ld r16,Z
 199 00de 1181      		ldd r17,Z+1
 200 00e0 2281      		ldd r18,Z+2
 201 00e2 3381      		ldd r19,Z+3
 202 00e4 401B      		sub r20,r16
 203 00e6 510B      		sbc r21,r17
 204 00e8 620B      		sbc r22,r18
 205 00ea 730B      		sbc r23,r19
 206 00ec 4883      		st Y,r20
 207 00ee 5983      		std Y+1,r21
 208 00f0 6A83      		std Y+2,r22
 209 00f2 7B83      		std Y+3,r23
  69:ros_lib/duration.cpp ****     nsec += -rhs.nsec;
 210               		.loc 1 69 0
 211 00f4 4C81      		ldd r20,Y+4
 212 00f6 5D81      		ldd r21,Y+5
 213 00f8 6E81      		ldd r22,Y+6
 214 00fa 7F81      		ldd r23,Y+7
 215 00fc 0481      		ldd r16,Z+4
 216 00fe 1581      		ldd r17,Z+5
 217 0100 2681      		ldd r18,Z+6
 218 0102 3781      		ldd r19,Z+7
 219 0104 401B      		sub r20,r16
 220 0106 510B      		sbc r21,r17
 221 0108 620B      		sbc r22,r18
 222 010a 730B      		sbc r23,r19
 223 010c 4C83      		std Y+4,r20
 224 010e 5D83      		std Y+5,r21
 225 0110 6E83      		std Y+6,r22
 226 0112 7F83      		std Y+7,r23
  70:ros_lib/duration.cpp ****     normalizeSecNSecSigned(sec, nsec);
 227               		.loc 1 70 0
 228 0114 BC01      		movw r22,r24
 229               	.LVL13:
 230 0116 6C5F      		subi r22,-4
 231 0118 7F4F      		sbci r23,-1
 232 011a 0E94 0000 		call _ZN3ros22normalizeSecNSecSignedERlS0_
 233               	.LVL14:
  71:ros_lib/duration.cpp ****     return *this;
  72:ros_lib/duration.cpp ****   }
 234               		.loc 1 72 0
 235 011e CE01      		movw r24,r28
 236               	/* epilogue start */
 237 0120 DF91      		pop r29
 238 0122 CF91      		pop r28
 239               	.LVL15:
 240 0124 1F91      		pop r17
 241 0126 0F91      		pop r16
 242 0128 0895      		ret
 243               	.LFE10:
 245               	.global	__floatsisf
 246               	.global	__mulsf3
 247               	.global	__fixsfsi
 248               	.global	_ZN3ros8DurationmLEd
 250               	_ZN3ros8DurationmLEd:
 251               	.LFB11:
  73:ros_lib/duration.cpp **** 
  74:ros_lib/duration.cpp ****   Duration& Duration::operator*=(double scale){
 252               		.loc 1 74 0
 253               	.LVL16:
 254 012a CF92      		push r12
 255               	.LCFI10:
 256 012c DF92      		push r13
 257               	.LCFI11:
 258 012e EF92      		push r14
 259               	.LCFI12:
 260 0130 FF92      		push r15
 261               	.LCFI13:
 262 0132 CF93      		push r28
 263               	.LCFI14:
 264 0134 DF93      		push r29
 265               	.LCFI15:
 266               	/* prologue: function */
 267               	/* frame size = 0 */
 268               	/* stack size = 6 */
 269               	.L__stack_usage = 6
 270 0136 EC01      		movw r28,r24
 271 0138 6A01      		movw r12,r20
 272 013a 7B01      		movw r14,r22
  75:ros_lib/duration.cpp ****     sec *= scale;
 273               		.loc 1 75 0
 274 013c 6881      		ld r22,Y
 275 013e 7981      		ldd r23,Y+1
 276 0140 8A81      		ldd r24,Y+2
 277 0142 9B81      		ldd r25,Y+3
 278 0144 0E94 0000 		call __floatsisf
 279               	.LVL17:
 280 0148 A701      		movw r20,r14
 281 014a 9601      		movw r18,r12
 282 014c 0E94 0000 		call __mulsf3
 283               	.LVL18:
 284 0150 0E94 0000 		call __fixsfsi
 285               	.LVL19:
 286 0154 6883      		st Y,r22
 287 0156 7983      		std Y+1,r23
 288 0158 8A83      		std Y+2,r24
 289 015a 9B83      		std Y+3,r25
  76:ros_lib/duration.cpp ****     nsec *= scale;
 290               		.loc 1 76 0
 291 015c 6C81      		ldd r22,Y+4
 292 015e 7D81      		ldd r23,Y+5
 293 0160 8E81      		ldd r24,Y+6
 294 0162 9F81      		ldd r25,Y+7
 295 0164 0E94 0000 		call __floatsisf
 296               	.LVL20:
 297 0168 A701      		movw r20,r14
 298 016a 9601      		movw r18,r12
 299 016c 0E94 0000 		call __mulsf3
 300               	.LVL21:
 301 0170 0E94 0000 		call __fixsfsi
 302               	.LVL22:
 303 0174 6C83      		std Y+4,r22
 304 0176 7D83      		std Y+5,r23
 305 0178 8E83      		std Y+6,r24
 306 017a 9F83      		std Y+7,r25
  77:ros_lib/duration.cpp ****     normalizeSecNSecSigned(sec, nsec);
 307               		.loc 1 77 0
 308 017c BE01      		movw r22,r28
 309 017e 6C5F      		subi r22,-4
 310 0180 7F4F      		sbci r23,-1
 311 0182 CE01      		movw r24,r28
 312 0184 0E94 0000 		call _ZN3ros22normalizeSecNSecSignedERlS0_
 313               	.LVL23:
  78:ros_lib/duration.cpp ****     return *this;
  79:ros_lib/duration.cpp ****   }
 314               		.loc 1 79 0
 315 0188 CE01      		movw r24,r28
 316               	/* epilogue start */
 317 018a DF91      		pop r29
 318 018c CF91      		pop r28
 319               	.LVL24:
 320 018e FF90      		pop r15
 321 0190 EF90      		pop r14
 322 0192 DF90      		pop r13
 323 0194 CF90      		pop r12
 324               	.LVL25:
 325 0196 0895      		ret
 326               	.LFE11:
 474               	.Letext0:
 475               		.file 2 "ros_lib/ros/duration.h"
DEFINED SYMBOLS
                            *ABS*:0000000000000000 duration.cpp
     /tmp/ccUOzYcB.s:2      *ABS*:000000000000003e __SP_H__
     /tmp/ccUOzYcB.s:3      *ABS*:000000000000003d __SP_L__
     /tmp/ccUOzYcB.s:4      *ABS*:000000000000003f __SREG__
     /tmp/ccUOzYcB.s:5      *ABS*:0000000000000000 __tmp_reg__
     /tmp/ccUOzYcB.s:6      *ABS*:0000000000000001 __zero_reg__
     /tmp/ccUOzYcB.s:11     .text:0000000000000000 _ZN3ros22normalizeSecNSecSignedERlS0_
     /tmp/ccUOzYcB.s:103    .text:0000000000000066 _ZN3ros8DurationpLERKS0_
     /tmp/ccUOzYcB.s:175    .text:00000000000000c8 _ZN3ros8DurationmIERKS0_
     /tmp/ccUOzYcB.s:250    .text:000000000000012a _ZN3ros8DurationmLEd

UNDEFINED SYMBOLS
__floatsisf
__mulsf3
__fixsfsi
